// Jest Snapshot v1, https://goo.gl/fbAQLP

exports[`App component renders a App 1`] = `<TextFormatter />`;

exports[`TextFormatter component renders a TextFormatter 1`] = `
<Fragment>
  <input
    name="text"
    onChange={[Function]}
    type="text"
  />
  <input
    name="color"
    onChange={[Function]}
    type="color"
  />
  <p
    style={
      Object {
        "color": "black",
      }
    }
  />
</Fragment>
`;
